// Jest Snapshot v1, https://goo.gl/fbAQLP

exports[`<Card /> should render props.name 1`] = `
<div
  className="card"
>
  <p
    className="name"
  >
    bulbasaur
  </p>
</div>
`;
