// Jest Snapshot v1, https://goo.gl/fbAQLP

exports[`<App /> should match with snapshot 1`] = `
<section>
  <nav
    className="navbar"
  >
    <h1>
      Pokemons
    </h1>
  </nav>
  <div
    className="container"
  >
    <div
      className="container-input"
    >
      <input
        className="input"
        onChange={[Function]}
        placeholder="Pesquise por um Pokemon"
        type="text"
      />
    </div>
    <div>
      <h3
        className="notes"
      >
        Notas
      </h3>
    </div>
  </div>
</section>
`;
